[INFO] Scanning for projects...
[INFO] 
[INFO] ------------< edu.eci.arsw:SpringBoot_REST_API_Blueprints >-------------
[INFO] Building SpringBoot_REST_API_Blueprints 1.0.0
[INFO]   from pom.xml
[INFO] --------------------------------[ jar ]---------------------------------
[INFO] 
[INFO] --- resources:3.3.1:resources (default-resources) @ SpringBoot_REST_API_Blueprints ---
[INFO] Copying 2 resources from src\main\resources to target\classes
[INFO] Copying 2 resources from src\main\resources to target\classes
[INFO] 
[INFO] --- compiler:3.13.0:compile (default-compile) @ SpringBoot_REST_API_Blueprints ---
[INFO] Nothing to compile - all classes are up to date.
[INFO] 
[INFO] --- resources:3.3.1:testResources (default-testResources) @ SpringBoot_REST_API_Blueprints ---
[INFO] skip non existing resourceDirectory C:\Users\Asus Tuf Gaming\Downloads\Lab_P1_BluePrints_Java21_API\src\test\resources
[INFO] 
[INFO] --- compiler:3.13.0:testCompile (default-testCompile) @ SpringBoot_REST_API_Blueprints ---
[INFO] Nothing to compile - all classes are up to date.
[INFO] 
[INFO] --- surefire:3.2.5:test (default-test) @ SpringBoot_REST_API_Blueprints ---
[INFO] Using auto detected provider org.apache.maven.surefire.junitplatform.JUnitPlatformProvider
[INFO] 
[INFO] -------------------------------------------------------
[INFO]  T E S T S
[INFO] -------------------------------------------------------
[INFO] Running edu.eci.arsw.blueprints.BlueprintsSmokeTest
10:49:52.381 [main] INFO org.springframework.test.context.support.AnnotationConfigContextLoaderUtils -- Could not detect default configuration classes for test class [edu.eci.arsw.blueprints.BlueprintsSmokeTest]: BlueprintsSmokeTest does not declare any static, non-private, non-final, nested classes annotated with @Configuration.
10:49:52.681 [main] INFO org.springframework.boot.test.context.SpringBootTestContextBootstrapper -- Found @SpringBootConfiguration edu.eci.arsw.blueprints.BlueprintsApplication for test class edu.eci.arsw.blueprints.BlueprintsSmokeTest

  .   ____          _            __ _ _
 /\\ / ___'_ __ _ _(_)_ __  __ _ \ \ \ \
( ( )\___ | '_ | '_| | '_ \/ _` | \ \ \ \
 \\/  ___)| |_)| | | | | || (_| |  ) ) ) )
  '  |____| .__|_| |_|_| |_\__, | / / / /
 =========|_|==============|___/=/_/_/_/

 :: Spring Boot ::                (v3.3.9)

2026-06-24T10:49:53.399-05:00  INFO 16520 --- [           main] e.e.arsw.blueprints.BlueprintsSmokeTest  : Starting BlueprintsSmokeTest using Java 25.0.2 with PID 16520 (started by Asus Tuf Gaming in C:\Users\Asus Tuf Gaming\Downloads\Lab_P1_BluePrints_Java21_API)
2026-06-24T10:49:53.401-05:00  INFO 16520 --- [           main] e.e.arsw.blueprints.BlueprintsSmokeTest  : No active profile set, falling back to 1 default profile: "default"
mvn : WARNING: A restricted method in java.lang.System has been called
En línea: 1 Carácter: 1
+ mvn test > test_output.txt 2>&1
+ ~~~~~~~~~~~~~~~~~~~~~~~~~~~~~~~
    + CategoryInfo          : NotSpecified: (WARNING: A rest...has been called:String) [], RemoteException
    + FullyQualifiedErrorId : NativeCommandError
 
WARNING: java.lang.System::load has been called by org.apache.tomcat.jni.Library in an unnamed module 
(file:/C:/Users/Asus%20Tuf%20Gaming/.m2/repository/org/apache/tomcat/embed/tomcat-embed-core/10.1.36/tomcat-embed-core-10.1.36.jar)
WARNING: Use --enable-native-access=ALL-UNNAMED to avoid a warning for callers in this module
WARNING: Restricted methods will be blocked in a future release unless native access is enabled

2026-06-24T10:49:56.442-05:00  INFO 16520 --- [           main] e.e.arsw.blueprints.BlueprintsSmokeTest  : Started BlueprintsSmokeTest in 3.524 seconds (process running for 5.303)
WARNING: A Java agent has been loaded dynamically (C:\Users\Asus Tuf Gaming\.m2\repository\net\bytebuddy\byte-buddy-agent\1.14.19\byte-buddy-agent-1.14.19.jar)
WARNING: If a serviceability tool is in use, please run with -XX:+EnableDynamicAgentLoading to hide this warning
WARNING: If a serviceability tool is not in use, please run with -Djdk.instrument.traceUsage for more information
WARNING: Dynamic loading of agents will be disallowed by default in a future release
Java HotSpot(TM) 64-Bit Server VM warning: Sharing is only supported for boot loader classes because bootstrap classpath has been appended
[INFO] Tests run: 1, Failures: 0, Errors: 0, Skipped: 0, Time elapsed: 5.574 s -- in edu.eci.arsw.blueprints.BlueprintsSmokeTest
[INFO] Running edu.eci.arsw.blueprints.persistence.PostgresBlueprintPersistenceIntegrationTest
2026-06-24T10:49:57.808-05:00  INFO 16520 --- [           main] org.testcontainers.images.PullPolicy     : Image pull policy will be performed by: DefaultPullPolicy()
2026-06-24T10:49:57.821-05:00  INFO 16520 --- [           main] o.t.utility.ImageNameSubstitutor         : Image name substitution will be performed by: DefaultImageNameSubstitutor (composite of 'ConfigurationFileImageNameSubstitutor' and 'PrefixingImageNameSubstitutor')
2026-06-24T10:49:58.674-05:00  INFO 16520 --- [           main] .t.d.DockerMachineClientProviderStrategy : docker-machine executable was not found on PATH ([C:\Program Files\Common Files\Oracle\Java\javapath, C:\Program Files (x86)\Common Files\Oracle\Java\javapath, C:\Windows\system32, C:\Windows, C:\Windows\System32\Wbem, C:\Windows\System32\WindowsPowerShell\v1.0\, C:\Windows\System32\OpenSSH\, C:\Program Files (x86)\NVIDIA Corporation\PhysX\Common, C:\Program Files\dotnet\, C:\Program Files\NVIDIA Corporation\NVIDIA App\NvDLISR, C:\Program Files\Git\cmd, C:\Users\Asus Tuf Gaming\Downloads\Workspace\apache-maven-3.9.12-bin\apache-maven-3.9.12\bin, C:\Program Files\Go\bin, C:\Program Files\Docker\Docker\resources\bin, C:\Program Files\nodejs\, C:\Ruby33-x64\bin, C:\Users\Asus Tuf Gaming\AppData\Local\Programs\Python\Python312\Scripts\, C:\Users\Asus Tuf Gaming\AppData\Local\Programs\Python\Python312\, C:\Users\Asus Tuf Gaming\AppData\Local\Programs\Python\Launcher\, C:\Users\Asus Tuf Gaming\AppData\Local\Microsoft\WindowsApps, C:\Users\Asus Tuf Gaming\AppData\Local\Programs\Microsoft VS Code\bin, C:\ProgramData\TinyTeX\bin\windows, C:\Program Files\Java\jdk-17\bin, C:\Users\Asus Tuf Gaming\go\bin, C:\Users\Asus Tuf Gaming\AppData\Roaming\npm])
2026-06-24T10:49:58.675-05:00 ERROR 16520 --- [           main] o.t.d.DockerClientProviderStrategy       : Could not find a valid Docker environment. Please check configuration. Attempted configurations were:
	EnvironmentAndSystemPropertyClientProviderStrategy: failed with exception BadRequestException (Status 400: {"ID":"","Containers":0,"ContainersRunning":0,"ContainersPaused":0,"ContainersStopped":0,"Images":0,"Driver":"","DriverStatus":null,"Plugins":{"Volume":null,"Network":null,"Authorization":null,"Log":null},"MemoryLimit":false,"SwapLimit":false,"CpuCfsPeriod":false,"CpuCfsQuota":false,"CPUShares":false,"CPUSet":false,"PidsLimit":false,"IPv4Forwarding":false,"Debug":false,"NFd":0,"OomKillDisable":false,"NGoroutines":0,"SystemTime":"","LoggingDriver":"","CgroupDriver":"","NEventsListener":0,"KernelVersion":"","OperatingSystem":"","OSVersion":"","OSType":"","Architecture":"","IndexServerAddress":"","RegistryConfig":null,"NCPU":0,"MemTotal":0,"GenericResources":null,"DockerRootDir":"","HttpProxy":"","HttpsProxy":"","NoProxy":"","Name":"","Labels":["com.docker.desktop.address=npipe://\\\\.\\pipe\\docker_cli"],"ExperimentalBuild":false,"ServerVersion":"","Runtimes":null,"DefaultRuntime":"","Swarm":{"NodeID":"","NodeAddr":"","LocalNodeState":"","ControlAvailable":false,"Error":"","RemoteManagers":null},"LiveRestoreEnabled":false,"Isolation":"","InitBinary":"","ContainerdCommit":{"ID":""},"RuncCommit":{"ID":""},"InitCommit":{"ID":""},"SecurityOptions":null,"CDISpecDirs":null,"Warnings":null})
	NpipeSocketClientProviderStrategy: failed with exception BadRequestException (Status 400: {"ID":"","Containers":0,"ContainersRunning":0,"ContainersPaused":0,"ContainersStopped":0,"Images":0,"Driver":"","DriverStatus":null,"Plugins":{"Volume":null,"Network":null,"Authorization":null,"Log":null},"MemoryLimit":false,"SwapLimit":false,"CpuCfsPeriod":false,"CpuCfsQuota":false,"CPUShares":false,"CPUSet":false,"PidsLimit":false,"IPv4Forwarding":false,"Debug":false,"NFd":0,"OomKillDisable":false,"NGoroutines":0,"SystemTime":"","LoggingDriver":"","CgroupDriver":"","NEventsListener":0,"KernelVersion":"","OperatingSystem":"","OSVersion":"","OSType":"","Architecture":"","IndexServerAddress":"","RegistryConfig":null,"NCPU":0,"MemTotal":0,"GenericResources":null,"DockerRootDir":"","HttpProxy":"","HttpsProxy":"","NoProxy":"","Name":"","Labels":["com.docker.desktop.address=npipe://\\\\.\\pipe\\docker_cli"],"ExperimentalBuild":false,"ServerVersion":"","Runtimes":null,"DefaultRuntime":"","Swarm":{"NodeID":"","NodeAddr":"","LocalNodeState":"","ControlAvailable":false,"Error":"","RemoteManagers":null},"LiveRestoreEnabled":false,"Isolation":"","InitBinary":"","ContainerdCommit":{"ID":""},"RuncCommit":{"ID":""},"InitCommit":{"ID":""},"SecurityOptions":null,"CDISpecDirs":null,"Warnings":null})As no valid configuration was found, execution cannot continue.
See https://java.testcontainers.org/on_failure.html for more details.
2026-06-24T10:49:58.682-05:00  INFO 16520 --- [           main] t.c.s.AnnotationConfigContextLoaderUtils : Could not detect default configuration classes for test class [edu.eci.arsw.blueprints.persistence.PostgresBlueprintPersistenceIntegrationTest]: PostgresBlueprintPersistenceIntegrationTest does not declare any static, non-private, non-final, nested classes annotated with @Configuration.
[ERROR] Tests run: 1, Failures: 0, Errors: 1, Skipped: 0, Time elapsed: 1.002 s <<< FAILURE! -- in edu.eci.arsw.blueprints.persistence.PostgresBlueprintPersistenceIntegrationTest
[ERROR] edu.eci.arsw.blueprints.persistence.PostgresBlueprintPersistenceIntegrationTest -- Time elapsed: 1.002 s <<< ERROR!
java.lang.IllegalStateException: Could not find a valid Docker environment. Please see logs and check configuration
	at org.testcontainers.dockerclient.DockerClientProviderStrategy.lambda$getFirstValidStrategy$7(DockerClientProviderStrategy.java:277)
	at java.base/java.util.Optional.orElseThrow(Optional.java:403)
	at org.testcontainers.dockerclient.DockerClientProviderStrategy.getFirstValidStrategy(DockerClientProviderStrategy.java:268)
	at org.testcontainers.DockerClientFactory.getOrInitializeStrategy(DockerClientFactory.java:152)
	at org.testcontainers.DockerClientFactory.client(DockerClientFactory.java:194)
	at org.testcontainers.DockerClientFactory$1.getDockerClient(DockerClientFactory.java:106)
	at com.github.dockerjava.api.DockerClientDelegate.authConfig(DockerClientDelegate.java:109)
	at org.testcontainers.containers.GenericContainer.start(GenericContainer.java:329)
	at org.testcontainers.junit.jupiter.TestcontainersExtension$StoreAdapter.start(TestcontainersExtension.java:280)
	at org.testcontainers.junit.jupiter.TestcontainersExtension$StoreAdapter.access$200(TestcontainersExtension.java:267)
	at org.testcontainers.junit.jupiter.TestcontainersExtension.lambda$null$4(TestcontainersExtension.java:82)
	at org.testcontainers.junit.jupiter.TestcontainersExtension.lambda$startContainers$5(TestcontainersExtension.java:82)
	at java.base/java.util.ArrayList.forEach(ArrayList.java:1604)
	at org.testcontainers.junit.jupiter.TestcontainersExtension.startContainers(TestcontainersExtension.java:82)
	at org.testcontainers.junit.jupiter.TestcontainersExtension.beforeAll(TestcontainersExtension.java:56)
	at java.base/java.util.ArrayList.forEach(ArrayList.java:1604)
	Suppressed: org.testcontainers.containers.ContainerFetchException: Can't get Docker image: RemoteDockerImage(imageName=postgres:16, imagePullPolicy=DefaultPullPolicy(), imageNameSubstitutor=org.testcontainers.utility.ImageNameSubstitutor$LogWrappedImageNameSubstitutor@77f03916)
		at org.testcontainers.containers.GenericContainer.getDockerImageName(GenericContainer.java:1364)
		at org.springframework.boot.testcontainers.service.connection.ServiceConnectionContextCustomizerFactory.createSource(ServiceConnectionContextCustomizerFactory.java:88)
		at org.springframework.boot.testcontainers.service.connection.ServiceConnectionContextCustomizerFactory.lambda$collectSources$0(ServiceConnectionContextCustomizerFactory.java:63)
		at org.springframework.core.annotation.TypeMappedAnnotations$AggregatesSpliterator.tryAdvance(TypeMappedAnnotations.java:610)
		at org.springframework.core.annotation.TypeMappedAnnotations$AggregatesSpliterator.tryAdvance(TypeMappedAnnotations.java:577)
		at java.base/java.util.Spliterator.forEachRemaining(Spliterator.java:332)
		at java.base/java.util.stream.ReferencePipeline$Head.forEach(ReferencePipeline.java:803)
		at org.springframework.boot.testcontainers.service.connection.ServiceConnectionContextCustomizerFactory.lambda$collectSources$1(ServiceConnectionContextCustomizerFactory.java:63)
		at org.springframework.util.ReflectionUtils.doWithLocalFields(ReflectionUtils.java:691)
		at org.springframework.boot.testcontainers.service.connection.ServiceConnectionContextCustomizerFactory.collectSources(ServiceConnectionContextCustomizerFactory.java:60)
		at org.springframework.boot.testcontainers.service.connection.ServiceConnectionContextCustomizerFactory.createContextCustomizer(ServiceConnectionContextCustomizerFactory.java:52)
		at org.springframework.test.context.support.AbstractTestContextBootstrapper.getContextCustomizers(AbstractTestContextBootstrapper.java:360)
		at org.springframework.test.context.support.AbstractTestContextBootstrapper.buildMergedContextConfiguration(AbstractTestContextBootstrapper.java:332)
		at org.springframework.test.context.support.AbstractTestContextBootstrapper.buildDefaultMergedContextConfiguration(AbstractTestContextBootstrapper.java:267)
		at org.springframework.test.context.support.AbstractTestContextBootstrapper.buildMergedContextConfiguration(AbstractTestContextBootstrapper.java:215)
		at org.springframework.test.context.support.AbstractTestContextBootstrapper.buildTestContext(AbstractTestContextBootstrapper.java:108)
		at org.springframework.boot.test.context.SpringBootTestContextBootstrapper.buildTestContext(SpringBootTestContextBootstrapper.java:111)
		at org.springframework.test.context.TestContextManager.<init>(TestContextManager.java:142)
		at org.springframework.test.context.TestContextManager.<init>(TestContextManager.java:126)
		at org.springframework.test.context.junit.jupiter.SpringExtension.getTestContextManager(SpringExtension.java:366)
		at org.springframework.test.context.junit.jupiter.SpringExtension.afterAll(SpringExtension.java:142)
		... 1 more
	Caused by: java.lang.IllegalStateException: Previous attempts to find a Docker environment failed. Will not retry. Please see logs and check configuration
		at org.testcontainers.dockerclient.DockerClientProviderStrategy.getFirstValidStrategy(DockerClientProviderStrategy.java:232)
		at org.testcontainers.DockerClientFactory.getOrInitializeStrategy(DockerClientFactory.java:152)
		at org.testcontainers.DockerClientFactory.client(DockerClientFactory.java:194)
		at org.testcontainers.images.LocalImagesCache.get(LocalImagesCache.java:31)
		at org.testcontainers.images.AbstractImagePullPolicy.shouldPull(AbstractImagePullPolicy.java:18)
		at org.testcontainers.images.RemoteDockerImage.resolve(RemoteDockerImage.java:75)
		at org.testcontainers.images.RemoteDockerImage.resolve(RemoteDockerImage.java:33)
		at org.testcontainers.utility.LazyFuture.getResolvedValue(LazyFuture.java:20)
		at org.testcontainers.utility.LazyFuture.get(LazyFuture.java:41)
		at org.testcontainers.containers.GenericContainer.getDockerImageName(GenericContainer.java:1362)
		... 21 more

[INFO] 
[INFO] Results:
[INFO] 
[ERROR] Errors: 
[ERROR]   PostgresBlueprintPersistenceIntegrationTest ╗ IllegalState Could not find a valid Docker environment. Please see logs and check configuration
[INFO] 
[ERROR] Tests run: 2, Failures: 0, Errors: 1, Skipped: 0
[INFO] 
[INFO] ------------------------------------------------------------------------
[INFO] BUILD FAILURE
[INFO] ------------------------------------------------------------------------
[INFO] Total time:  11.145 s
[INFO] Finished at: 2026-06-24T10:49:59-05:00
[INFO] ------------------------------------------------------------------------
[ERROR] Failed to execute goal org.apache.maven.plugins:maven-surefire-plugin:3.2.5:test (default-test) on project SpringBoot_REST_API_Blueprints: 
[ERROR] 
[ERROR] Please refer to C:\Users\Asus Tuf Gaming\Downloads\Lab_P1_BluePrints_Java21_API\target\surefire-reports for the individual test results.
[ERROR] Please refer to dump files (if any exist) [date].dump, [date]-jvmRun[N].dump and [date].dumpstream.
[ERROR] -> [Help 1]
[ERROR] 
[ERROR] To see the full stack trace of the errors, re-run Maven with the -e switch.
[ERROR] Re-run Maven using the -X switch to enable full debug logging.
[ERROR] 
[ERROR] For more information about the errors and possible solutions, please read the following articles:
[ERROR] [Help 1] http://cwiki.apache.org/confluence/display/MAVEN/MojoFailureException
